// Jest Snapshot v1, https://goo.gl/fbAQLP

exports[`generated declaration file matches snapshot 1`] = `
declare module "@theme-ui/css" {
    export interface Theme {
        colors: {
            primary: "red";
            secondary: "blue";
            black: "#000";
            highlight: "colors.primary";
        };
        space: [
            0,
            4,
            8,
            16
        ];
        buttons: {
            base: {
                padding: [
                    2,
                    3
                ];
            };
        };
    }
}
export *;

`;
